// Jest Snapshot v1, https://goo.gl/fbAQLP

exports[`renders Game 1`] = `
ShallowWrapper {
  Symbol(enzyme.__root__): [Circular],
  Symbol(enzyme.__unrendered__): <Game
    answer={[MockFunction]}
    feedback={Object {}}
    game={Object {}}
    settings={Object {}}
  />,
  Symbol(enzyme.__renderer__): Object {
    "batchedUpdates": [Function],
    "checkPropTypes": [Function],
    "getNode": [Function],
    "render": [Function],
    "simulateError": [Function],
    "simulateEvent": [Function],
    "unmount": [Function],
  },
  Symbol(enzyme.__node__): Object {
    "instance": null,
    "key": undefined,
    "nodeType": "host",
    "props": Object {
      "children": Array [
        <escapeable
          lettersHandler={[Function]}
          positionHandler={[Function]}
          remainingRounds={NaN}
        />,
        <Redirect
          push={false}
          to="/"
        />,
      ],
    },
    "ref": null,
    "rendered": Array [
      Object {
        "instance": null,
        "key": undefined,
        "nodeType": "class",
        "props": Object {
          "audioPlayed": undefined,
          "letters": undefined,
          "lettersButtonColor": undefined,
          "lettersHandler": [Function],
          "maxRounds": undefined,
          "n": undefined,
          "playAudio": undefined,
          "positionHandler": [Function],
          "positions": undefined,
          "positionsButtonColor": undefined,
          "remainingRounds": NaN,
          "roundActive": undefined,
        },
        "ref": null,
        "rendered": null,
        "type": [Function],
      },
      Object {
        "instance": null,
        "key": undefined,
        "nodeType": "class",
        "props": Object {
          "push": false,
          "to": "/",
        },
        "ref": null,
        "rendered": null,
        "type": [Function],
      },
    ],
    "type": "div",
  },
  Symbol(enzyme.__nodes__): Array [
    Object {
      "instance": null,
      "key": undefined,
      "nodeType": "host",
      "props": Object {
        "children": Array [
          <escapeable
            lettersHandler={[Function]}
            positionHandler={[Function]}
            remainingRounds={NaN}
          />,
          <Redirect
            push={false}
            to="/"
          />,
        ],
      },
      "ref": null,
      "rendered": Array [
        Object {
          "instance": null,
          "key": undefined,
          "nodeType": "class",
          "props": Object {
            "audioPlayed": undefined,
            "letters": undefined,
            "lettersButtonColor": undefined,
            "lettersHandler": [Function],
            "maxRounds": undefined,
            "n": undefined,
            "playAudio": undefined,
            "positionHandler": [Function],
            "positions": undefined,
            "positionsButtonColor": undefined,
            "remainingRounds": NaN,
            "roundActive": undefined,
          },
          "ref": null,
          "rendered": null,
          "type": [Function],
        },
        Object {
          "instance": null,
          "key": undefined,
          "nodeType": "class",
          "props": Object {
            "push": false,
            "to": "/",
          },
          "ref": null,
          "rendered": null,
          "type": [Function],
        },
      ],
      "type": "div",
    },
  ],
  Symbol(enzyme.__options__): Object {
    "adapter": ReactSixteenAdapter {
      "options": Object {
        "enableComponentDidUpdateOnSetState": true,
        "legacyContextMode": "parent",
        "lifecycles": Object {
          "componentDidUpdate": Object {
            "onSetState": true,
          },
          "getChildContext": Object {
            "calledByRenderer": false,
          },
          "getDerivedStateFromError": true,
          "getDerivedStateFromProps": Object {
            "hasShouldComponentUpdateBug": false,
          },
          "getSnapshotBeforeUpdate": true,
          "setState": Object {
            "skipsComponentDidUpdateOnNullish": true,
          },
        },
      },
    },
  },
  Symbol(enzyme.__childContext__): null,
}
`;
